agentclinic-repair-depth-3 971281 COMMAND_TIMEOUT first_edit=None :: 
agentclinic-repair-depth-3 021584 BUDGET_EXCEEDED first_edit=None :: 
agentclinic-repair-depth-3 082295 OK first_edit=15 :: 15:f 16:f 17:f 18:f 19:f 20:f 21:f 22:f 23:f 24:f
agentclinic-repair-depth-3 700050 BUDGET_EXCEEDED first_edit=None :: 
selfhost-run-record-gate 388294 BUDGET_EXCEEDED first_edit=12 :: 12:f 13:f 14:f 15:f 16:f 17:f 18:f 19:u 20:u 21:f 22:f 23:f 24:f 25:f 26:f 27:f 28:f 29:f 30:f 31:f 32:f 33:f 34:f 35:f 36:f 37:f 38:f 39:f 40:f 41:f 42:f 43:f 44:f 45:f 46:f 47:f 48:f
selfhost-run-record-gate 448568 BUDGET_EXCEEDED first_edit=11 :: 11:u(f:u) 12:u(f:u) 13:u(f:u) 14:u(f:u) 15:u(f:u) 16:u(f:u) 17:u(f:u) 18:u(f:u) 19:u(f:u) 20:u(f:u) 21:u(f:u) 22:u(f:u) 23:u(f:u) 24:u(f:u) 25:u(f:u) 26:u(f:u) 27:u(f:u) 28:u(f:u) 29:u(f:u)
selfhost-run-record-gate 519278 BUDGET_EXCEEDED first_edit=16 :: 16:u(f:u) 17:u(f:u) 18:u(f:u) 19:u(f:u) 20:u(f:u) 21:u(f:u) 22:u(f:u) 23:u(f:u) 24:u(f:u) 25:u(f:u) 26:u(f:u) 27:u(f:u) 28:u(f:u) 29:u(f:u) 30:u(f:u) 31:u(f:u) 32:u(f:u) 33:u(f:u) 34:u(f:u) 35:u(f:u) 36:u(f:u) 37:u(f:u) 38:u(f:u) 39:u(f:u) 40:u(f:u) 41:u(f:u) 42:u(f:u) 43:u(f:u) 44:u(f:u) 45:u(f:u) 46:u(f:u) 47:u(f:u) 48:u(f:u)
selfhost-run-record-gate 028222 BUDGET_EXCEEDED first_edit=12 :: 12:f 13:f 14:f 15:f 16:f 17:f 18:f 19:f 20:f 21:f 22:f 23:f 24:f 25:f 26:f 27:f 28:f 29:f 30:f 31:f 32:f 33:f 34:f 35:f 36:f 37:f 38:f 39:f 40:f 41:f 42:f 43:f 44:f 45:f 46:f 47:f 48:f
selfhost-docs-linter 147562 BUDGET_EXCEEDED first_edit=8 :: 8:f 9:u(f:f) 10:u(f:f) 11:u(f:f) 12:u(f:f) 13:u(f:f) 14:u(f:f) 15:u(f:f) 16:u(f:f) 17:u(f:f) 18:u(f:f) 19:u(f:f) 20:u(f:f) 21:u(f:f) 22:u(f:f) 23:u(f:f) 24:u(f:f) 25:u(f:f) 26:u(f:f) 27:u(f:f) 28:u(f:f) 29:u(f:f) 30:u(f:f) 31:u(f:f) 32:u(f:f) 33:u(f:f) 34:u(f:f) 35:u(f:f) 36:u(f:f) 37:u(f:f)
selfhost-docs-linter 204433 OK first_edit=8 :: 8:f 9:f 10:f 11:f 12:f 13:f 14:f 15:f 16:f 17:f 18:f 19:f 20:f 21:f 22:f 23:f 24:f 25:f 26:f 27:f 28:p 29:p 30:p 31:p 32:p 33:p 34:p 35:p 36:p 37:p 38:p 39:p 40:p 41:p 42:p 43:p 44:p 45:p 46:p 47:p
selfhost-docs-linter 270586 BUDGET_EXCEEDED first_edit=10 :: 10:f 11:f 12:f 13:f 14:f 15:f 16:f 17:f 18:f 19:f 20:f 21:f 22:f 23:u(f:f) 24:u(f:f) 25:u(f:f) 26:u(f:f) 27:u(f:f) 28:u(f:f) 29:u(f:f)
selfhost-docs-linter 970283 BUDGET_EXCEEDED first_edit=10 :: 10:f 11:f 12:f 13:f 14:f 15:f 16:f 17:f 18:f 19:f 20:f 21:f 22:f 23:f 24:f 25:f 26:f 27:f 28:f 29:f 30:f 31:f 32:f 33:f 34:f 35:f 36:f 37:f 38:f 39:p 40:p 41:p 42:p 43:p 44:p 45:p 46:p 47:p 48:p
selfhost-guard-prefixes 812248 OK first_edit=2 :: 2:p 3:p 4:p
selfhost-guard-prefixes 870439 OK first_edit=2 :: 2:u 3:u 4:u 5:u 6:u 7:u 8:u 9:u 10:u 11:u 12:u 13:u 14:u 15:u 16:u 17:u 18:u 19:u 20:u 21:u 22:u 23:u 24:u 25:u 26:u 27:u 28:u 29:u 30:u 31:u 32:u 33:u 34:u 35:u 36:u 37:u 38:u 39:u 40:u 41:u 42:u 43:u 44:u 45:u
selfhost-guard-prefixes 937944 OK first_edit=2 :: 2:u 3:u 4:u 5:u 6:u 7:u 8:u 9:u 10:u 11:f 12:f 13:f 14:f 15:f 16:f 17:f 18:f
selfhost-guard-prefixes 424626 OK first_edit=2 :: 2:u 3:u 4:f 5:f 6:f 7:f 8:f 9:f 10:f 11:f 12:f 13:f 14:f 15:f 16:f 17:f 18:f 19:f 20:f 21:f 22:f 23:f 24:f 25:f 26:f 27:f 28:f 29:f 30:f 31:f 32:f 33:f
selfhost-review-script 688090 OK first_edit=6 :: 6:p 7:p 8:p 9:p 10:p 11:p 12:p 13:p 14:p 15:p 16:p 17:p 18:p 19:p 20:p 21:p 22:p 23:p 24:p
selfhost-review-script 746232 OK first_edit=5 :: 5:f 6:f 7:f 8:p 9:p 10:p 11:p 12:p 13:p 14:p 15:p 16:p
selfhost-review-script 816670 OK first_edit=6 :: 6:p 7:p 8:p 9:p 10:p 11:p 12:p 13:p 14:p 15:p 16:p 17:p 18:p 19:p 20:p 21:p 22:p 23:p 24:p 25:p 26:p 27:p 28:p 29:p
selfhost-review-script 501161 OK first_edit=9 :: 9:f 10:f 11:f 12:f 13:f 14:f 15:f 16:f 17:f 18:f 19:f 20:f 21:p 22:p 23:p 24:p 25:p 26:p 27:p 28:p 29:p
agentclinic-repair-depth-2 523251 OK first_edit=6 :: 6:p 7:p 8:p 9:p 10:p
agentclinic-repair-depth-2 575297 OK first_edit=7 :: 7:p 8:p 9:p
agentclinic-repair-depth-2 634454 OK first_edit=13 :: 13:p 14:p 15:p
agentclinic-repair-depth-2 616367 OK first_edit=7 :: 7:f 8:p 9:p 10:p
selfhost-run-record-gate 490384 BUDGET_EXCEEDED first_edit=18 :: 18:u(f:u) 19:u(f:u) 20:u(f:u) 21:u(f:u) 22:u(f:u) 23:u(f:u) 24:u(f:u) 25:u(f:u) 26:u(f:u) 27:u(f:u) 28:u(f:u) 29:u(f:u) 30:u(f:u) 31:u(f:u) 32:u(f:u) 33:u(f:u) 34:u(f:u) 35:u(f:u) 36:u(f:u) 37:u(f:u) 38:u(f:u) 39:u(f:u) 40:u(f:u) 41:u(f:u) 42:u(f:u) 43:u(f:u) 44:u(f:u) 45:u(f:u) 46:u(f:u) 47:u(f:u) 48:u(f:u)
selfhost-run-record-gate 549012 BUDGET_EXCEEDED first_edit=18 :: 18:f 19:f 20:f 21:f 22:f 23:f 24:f 25:f 26:f 27:f 28:f 29:f 30:f 31:f 32:f 33:f 34:f 35:f 36:f 37:f 38:f 39:f 40:f 41:f 42:f 43:f 44:f 45:f 46:f 47:f 48:f
selfhost-run-record-gate 618278 BUDGET_EXCEEDED first_edit=18 :: 18:u(f:u) 19:u(f:u) 20:u(f:u) 21:u(f:u) 22:u(f:u) 23:u(f:u) 24:u(f:u) 25:u(f:u) 26:u(f:u) 27:u(f:u) 28:u(f:u) 29:u(f:u) 30:u(f:u) 31:u(f:u) 32:u(f:u) 33:u(f:u) 34:u(f:u) 35:u(f:u) 36:u(f:u) 37:u(f:u) 38:u(f:u) 39:u(f:u) 40:u(f:u) 41:u(f:u) 42:u(f:u)
selfhost-run-record-gate 511653 BUDGET_EXCEEDED first_edit=8 :: 8:f 9:f 10:f 11:f 12:f 13:f 14:f 15:f 16:f 17:f 18:f 19:f 20:f 21:f 22:f 23:f 24:f 25:f 26:f 27:f 28:f 29:f 30:f 31:f 32:f 33:f 34:f 35:f 36:f 37:f 38:f 39:p 40:p 41:p 42:p 43:p 44:p 45:p 46:p 47:p 48:p
selfhost-guard-prefixes 249635 BUDGET_EXCEEDED first_edit=42 :: 42:u(f:p) 43:u(f:p) 44:u(f:p) 45:u(f:p) 46:u(f:p) 47:u(f:p) 48:u(f:p)
selfhost-guard-prefixes 305323 BUDGET_EXCEEDED first_edit=3 :: 3:u 4:u 5:u 6:u(f:u) 7:u(f:u) 8:u(f:u) 9:u(f:u) 10:u(f:u) 11:u(f:u) 12:u(f:u) 13:u(f:u) 14:u(f:u) 15:u(f:u) 16:u(f:u) 17:u(f:u) 18:u(f:u) 19:u(f:u) 20:u(f:u) 21:u(f:u) 22:u(f:u) 23:u(f:u) 24:u(f:u) 25:u(f:u) 26:u(f:u) 27:u(f:u) 28:u(f:u) 29:u(f:u) 30:u(f:u) 31:u(f:u) 32:u(f:u) 33:u(f:u) 34:u(f:u) 35:u(f:u) 36:u(f:u) 37:u(f:u) 38:u(f:u) 39:u(f:u) 40:u(f:u) 41:u(f:u) 42:u(f:u) 43:u(f:u) 44:u(f:u) 45:u(f:u) 46:u(f:u) 47:u(f:u) 48:u(f:u)
selfhost-guard-prefixes 372105 OK first_edit=2 :: 2:p 3:p 4:p 5:p
selfhost-guard-prefixes 309486 OK first_edit=2 :: 2:p 3:p 4:p 5:p 6:p 7:p 8:p 9:p
selfhost-review-script 714610 OK first_edit=7 :: 7:f 8:u(f:f) 9:u(f:f) 10:u(f:f) 11:u(f:f) 12:u(f:f) 13:u(f:f) 14:u(f:p) 15:u(f:p) 16:u(f:p) 17:u(f:p) 18:u(f:p) 19:u(f:p) 20:u(f:p)
selfhost-review-script 770940 OK first_edit=10 :: 10:p 11:p 12:p 13:p 14:p 15:p 16:p 17:p/u 18:p/u 19:p/u 20:p/u 21:p/u 22:p/u 23:p/u 24:p/u 25:p/u 26:p/u 27:p/u 28:p/u 29:p/u 30:p/u 31:p/u 32:p/u
selfhost-review-script 840545 OK first_edit=7 :: 7:p 8:p 9:p 10:p 11:p 12:p 13:p 14:p 15:p 16:p 17:p 18:p 19:p 20:p 21:p 22:p 23:p 24:p 25:p 26:p 27:p
selfhost-review-script 624725 OK first_edit=9 :: 9:f 10:f 11:f 12:f 13:f 14:f 15:f 16:f 17:f 18:f 19:f 20:f 21:f 22:f
agentclinic-repair-depth-3 808698 BUDGET_EXCEEDED first_edit=None :: 
selfhost-run-record-gate 296145 BUDGET_EXCEEDED first_edit=16 :: 16:u(f:u) 17:u(f:u) 18:u(f:u) 19:u(f:u) 20:u(f:u) 21:u(f:u) 22:u(f:u) 23:u(f:u) 24:u(f:u) 25:u(f:u) 26:u(f:u) 27:u(f:u) 28:u(f:u) 29:u(f:u) 30:u(f:u) 31:u(f:u) 32:u(f:u) 33:u(f:u) 34:u(f:u) 35:u(f:u) 36:u(f:u) 37:u(f:u) 38:u(f:u) 39:u(f:u) 40:u(f:u) 41:u(f:u) 42:u(f:u) 43:u(f:u) 44:u(f:u) 45:u(f:u) 46:u(f:u) 47:u(f:u) 48:u(f:u)
selfhost-docs-linter 859943 BUDGET_EXCEEDED first_edit=13 :: 13:f 14:f 15:f 16:f 17:f 18:f 19:f 20:f 21:f 22:f 23:f 24:f 25:f 26:f 27:f 28:p 29:p 30:p 31:p 32:p 33:p 34:p 35:p 36:p 37:p 38:p 39:p 40:p 41:p 42:p 43:p
agentclinic-repair-misleading-locus 117091 OK first_edit=4 :: 4:p 5:p
agentclinic-repair-misleading-locus 172304 OK first_edit=3 :: 3:p 4:p
agentclinic-repair-misleading-locus 140540 OK first_edit=8 :: 8:p 9:p 10:p
agentclinic-repair-misleading-locus 201516 OK first_edit=3 :: 3:p 4:p
